method:"/magma.sctpd.SctpdDownlink/SendDl" request:{[type.googleapis.com/magma.sctpd.SendDlReq]:{assoc_id:203 payload:" \x11\x00\x17\x00\x00\x02\x00i\x00\x0b\x00\x00\x00\xf1\x10\x00\x00\x00\x01\x00\x01\x00W@\x01\x0b" ppid:18}} response:{[type.googleapis.com/magma.sctpd.SendDlRes]:{}}method:"/magma.sctpd.SctpdDownlink/SendDl" request:{[type.googleapis.com/magma.sctpd.SendDlReq]:{assoc_id:203 stream:1 payload:"\x00\x0b@8\x00\x00\x03\x00\x00\x00\x02\x00k\x00\x08\x00\x02\x00\x01\x00\x1a\x00%$\x07R\x00䛪<\xfdјi\xa1.\xc5H\x80\xd7{^\x10\xdf\x06\xfeM9\x1c\x80\x00,y\xc5\x7f\xb6'\x1co" ppid:18}} response:{[type.googleapis.com/magma.sctpd.SendDlRes]:{}}method:"/magma.sctpd.SctpdDownlink/SendDl" request:{[type.googleapis.com/magma.sctpd.SendDlReq]:{assoc_id:203 stream:1 payload:"\x00\x0b@\"\x00\x00\x03\x00\x00\x00\x02\x00k\x00\x08\x00\x02\x00\x01\x00\x1a\x00\x0f\x0e7\xf4\xa9\x08p\x00\x07]\x02\x00\x02\xe0\xe0\xc1" ppid:18}} response:{[type.googleapis.com/magma.sctpd.SendDlRes]:{}}method:"/magma.sctpd.SctpdDownlink/SendDl" request:{[type.googleapis.com/magma.sctpd.SendDlReq]:{assoc_id:203 stream:1 payload:"\x00\t\x00\x80\xa5\x00\x00\x06\x00\x00\x00\x02\x00k\x00\x08\x00\x02\x00\x01\x00B\x00\n\x18\x0b\xeb\xc2\x00`\x05\xf5\xe1\x00\x00\x18\x00W\x00\x004\x00RE\x00\t>\x0f\x80\xc0\xa8<\x8e\x00\x00\x00\xa7C'O\xb4ŵ\x01\x07B\x01I\x06 \x00\xf1\x10\x00\x01\x00\x1dR\x01\xc1\x01\t\x0b\x05magma\x04ipv4\x05\x01\xc0\xa8\x80-^\x04\xff\xff\x9e\xdeP\x0b\xf6\x00\xf1\x10\x00\x01\x01@B\xc9\x16\x17!d\x02\x00\x00\x00k\x00\x05\x18\x00\x0c\x00\x00\x00I\x00 zCc\xa9ɷ\x93E\x18kΕ\xabj\xd8\x1a\xa1\xbc\xb7\xa3&\x9f\x90\xec\x88\xdc\x10\x0e\xa7M4\x03" ppid:18}} response:{[type.googleapis.com/magma.sctpd.SendDlRes]:{}}method:"/magma.sctpd.SctpdDownlink/SendDl" request:{[type.googleapis.com/magma.sctpd.SendDlReq]:{assoc_id:203 stream:1 payload:"\x00\x0b@/\x00\x00\x03\x00\x00\x00\x02\x00k\x00\x08\x00\x02\x00\x01\x00\x1a\x00\x1c\x1b'Fc\xba\x8b\x02\x07aC\x01\x80E\x01\x80F\x00G\x12\x01r20 \x00I\x01\x00" ppid:18}} response:{[type.googleapis.com/magma.sctpd.SendDlRes]:{}}method:"/magma.sctpd.SctpdDownlink/SendDl" request:{[type.googleapis.com/magma.sctpd.SendDlReq]:{assoc_id:203 stream:1 payload:"\x00\x0b@\x1c\x00\x00\x03\x00\x00\x00\x02\x00k\x00\x08\x00\x02\x00\x01\x00\x1a\x00\t\x08'\x0b\x84\xeeh\x03\x07F" ppid:18}} response:{[type.googleapis.com/magma.sctpd.SendDlRes]:{}}method:"/magma.sctpd.SctpdDownlink/SendDl" request:{[type.googleapis.com/magma.sctpd.SendDlReq]:{assoc_id:203 stream:1 payload:"\x00\x17\x00\x10\x00\x00\x02\x00c\x00\x04\x00k\x00\x01\x00\x02@\x01$" ppid:18}} response:{[type.googleapis.com/magma.sctpd.SendDlRes]:{}}method:"/magma.sctpd.SctpdDownlink/SendDl" request:{[type.googleapis.com/magma.sctpd.SendDlReq]:{assoc_id:203 stream:2 payload:"\x00\x0b@8\x00\x00\x03\x00\x00\x00\x02\x00l\x00\x08\x00\x02\x00\x02\x00\x1a\x00%$\x07R\x00\xc2\x08Dk\x89t\xef\x19*0\xae_\x9a\xa2\x13\x8b\x10\xb2\xb4\xc5_\x19[\x80\x009\x16\x92\x01p:\x8f\xd1" ppid:18}} response:{[type.googleapis.com/magma.sctpd.SendDlRes]:{}}method:"/magma.sctpd.SctpdDownlink/SendDl" request:{[type.googleapis.com/magma.sctpd.SendDlReq]:{assoc_id:203 stream:2 payload:"\x00\x0b@\"\x00\x00\x03\x00\x00\x00\x02\x00l\x00\x08\x00\x02\x00\x02\x00\x1a\x00\x0f\x0e7b\xad\x9ej\x00\x07]\x02\x00\x02\xe0\xe0\xc1" ppid:18}} response:{[type.googleapis.com/magma.sctpd.SendDlRes]:{}}method:"/magma.sctpd.SctpdDownlink/SendDl" request:{[type.googleapis.com/magma.sctpd.SendDlReq]:{assoc_id:203 stream:2 payload:"\x00\t\x00\x80\xa5\x00\x00\x06\x00\x00\x00\x02\x00l\x00\x08\x00\x02\x00\x02\x00B\x00\n\x18\x0b\xeb\xc2\x00`\x05\xf5\xe1\x00\x00\x18\x00W\x00\x004\x00RE\x00\t>\x0f\x80\xc0\xa8<\x8e\x00\x00\x00\xa8C'\xf5bV?\x01\x07B\x01I\x06 \x00\xf1\x10\x00\x01\x00\x1dR\x01\xc1\x01\t\x0b\x05magma\x04ipv4\x05\x01\xc0\xa8\x80\xae^\x04\xff\xff\x9e\xdeP\x0b\xf6\x00\xf1\x10\x00\x01\x01$\xf8q6\x17!d\x02\x00\x00\x00k\x00\x05\x18\x00\x0c\x00\x00\x00I\x00 \x97\x0cp\xe5\x93ptN\x19(\x0c\x9a\x84\x13Ւ\x05\xd2\x04N\xa9\x19Sh\x1f\xed\xde6\x15+\xc1x" ppid:18}} response:{[type.googleapis.com/magma.sctpd.SendDlRes]:{}}method:"/magma.sctpd.SctpdDownlink/SendDl" request:{[type.googleapis.com/magma.sctpd.SendDlReq]:{assoc_id:203 stream:2 payload:"\x00\x0b@/\x00\x00\x03\x00\x00\x00\x02\x00l\x00\x08\x00\x02\x00\x02\x00\x1a\x00\x1c\x1b's\xf5\xc5(\x02\x07aC\x01\x80E\x01\x80F\x00G\x12\x01r200\x00I\x01\x00" ppid:18}} response:{[type.googleapis.com/magma.sctpd.SendDlRes]:{}}method:"/magma.sctpd.SctpdDownlink/SendDl" request:{[type.googleapis.com/magma.sctpd.SendDlReq]:{assoc_id:203 stream:2 payload:"\x00\x17\x00\x10\x00\x00\x02\x00c\x00\x04\x00l\x00\x02\x00\x02@\x01$" ppid:18}} response:{[type.googleapis.com/magma.sctpd.SendDlRes]:{}}